=== PCTWM Trial Log: pctwm_sb_loop_t1_3_t2_3 ===
C11TESTER=-x1 -p1 -b1 -i30 -y4

--- Run #1 ---
C11Tester
Copyright (c) 2013 and 2019 Regents of the University of California. All rights reserved.
Distributed under the GPLv2
Written by Weiyu Luo, Brian Norris, and Brian Demsky

Print current params: 
-v[NUM], --verbose[=NUM]   Default: 0 Now: 0
-x, --maxexec=NUM           Maximum number of executions. Default: 10 Now: 1
-m, --minsize=NUM           Minimum number of actions to keep Default: 0 Now: 0
-f, --freqfree=NUM          Frequency to free actions Default:500000 Now: 500000
-l, --maxscheduler=NUM		 Scheduler length limitation Default:50 Now: 20
-b, --bugdepth=NUM			 bugdepth Default:5 Now: 1
-p, --version=NUM			 c11testerversion Default:0 Now: 1
-i, --maxinstr=NUM			 read num bounds: Default:30 Now: 30
-y, --history=NUM			 rf_set searcg bounds: Default:20 Now: 4
The limit of read nums is 150. 
using pct version now. 
Change Priority Points:  [0]: 16  

 current action type is  thread start  . on thread 1, sequence number is : 1 , mo_type is : seq_cst. 

 current action type is  atomic write  . on thread 1, sequence number is : 2 , mo_type is : relaxed. 

 Process write action. Updates local vec in thread 1 - The size of localvec is 1.[location: 00000000004051F4,  seq_num: 2. value: 0]	

 current action type is  atomic write  . on thread 1, sequence number is : 3 , mo_type is : relaxed. 

 Process write action. Updates local vec in thread 1 - The size of localvec is 2.[location: 00000000004051F4,  seq_num: 2. value: 0]	[location: 00000000004051F8,  seq_num: 3. value: 0]	

 current action type is  pthread create. on thread 1, sequence number is : 4 , mo_type is : seq_cst. 

 current action type is  thread start  . on thread 2, sequence number is : 5 , mo_type is : seq_cst. 

 current action type is  pthread create. on thread 1, sequence number is : 6 , mo_type is : seq_cst. 

 current action type is  thread start  . on thread 3, sequence number is : 7 , mo_type is : seq_cst. 

 current action type is  atomic write  . on thread 2, sequence number is : 8 , mo_type is : relaxed. 

 Process write action. Updates local vec in thread 2 - The size of localvec is 1.[location: 00000000004051F4,  seq_num: 8. value: 1]	

 current action type is  atomic write  . on thread 3, sequence number is : 9 , mo_type is : relaxed. 

 Process write action. Updates local vec in thread 3 - The size of localvec is 1.[location: 00000000004051F8,  seq_num: 9. value: 1]	
calling the get_next_thread. 

 current action type is  atomic read   . on thread 3, sequence number is : 10 , mo_type is : relaxed. 
Current instr. nums: 1. 
Change Priority Points:  [0]: 16  
 no external read job. - read local 
search on 4 threads. current is the 0th thread.
search on 4 threads. current is the 1th thread.
meet the hb curr, add 1 reads. 
search on 4 threads. current is the 2th thread.
search on 4 threads. current is the 3th thread.
build_may_read_from, current history is: 4, rf_set size is : 2 
current read action location: 4215284, threadid : 3 
In process read: current localvec size is 1.
The size of localvec is 1.[location: 00000000004051F8,  seq_num: 9. value: 1]	
thread localvec size: 1 
Process read: read locally. 
localvec has no variable. randomly select from rf_set. 
rf_set size is: 2. 

 current action type is  atomic write  . on thread 3, sequence number is : 11 , mo_type is : relaxed. 

 Process write action. Updates local vec in thread 3 - The size of localvec is 1.[location: 00000000004051F8,  seq_num: 9. value: 1]	
calling the get_next_thread. 

 current action type is  atomic read   . on thread 3, sequence number is : 12 , mo_type is : relaxed. 
Current instr. nums: 2. 
Change Priority Points:  [0]: 16  
 no external read job. - read local 
search on 4 threads. current is the 0th thread.
search on 4 threads. current is the 1th thread.
meet the hb curr, add 1 reads. 
search on 4 threads. current is the 2th thread.
search on 4 threads. current is the 3th thread.
build_may_read_from, current history is: 4, rf_set size is : 2 
current read action location: 4215284, threadid : 3 
In process read: current localvec size is 1.
The size of localvec is 1.[location: 00000000004051F8,  seq_num: 9. value: 1]	
thread localvec size: 1 
Process read: read locally. 
localvec has no variable. randomly select from rf_set. 
rf_set size is: 2. 

 current action type is  atomic write  . on thread 3, sequence number is : 13 , mo_type is : relaxed. 

 Process write action. Updates local vec in thread 3 - The size of localvec is 1.[location: 00000000004051F8,  seq_num: 9. value: 1]	
calling the get_next_thread. 

 current action type is  atomic read   . on thread 3, sequence number is : 14 , mo_type is : relaxed. 
Current instr. nums: 3. 
Change Priority Points:  [0]: 16  
 no external read job. - read local 
search on 4 threads. current is the 0th thread.
search on 4 threads. current is the 1th thread.
meet the hb curr, add 1 reads. 
search on 4 threads. current is the 2th thread.
search on 4 threads. current is the 3th thread.
build_may_read_from, current history is: 4, rf_set size is : 2 
current read action location: 4215284, threadid : 3 
In process read: current localvec size is 1.
The size of localvec is 1.[location: 00000000004051F8,  seq_num: 9. value: 1]	
thread localvec size: 1 
Process read: read locally. 
localvec has no variable. randomly select from rf_set. 
rf_set size is: 2. 

 current action type is  thread finish . on thread 3, sequence number is : 15 , mo_type is : seq_cst. 
calling the get_next_thread. 

 current action type is  atomic read   . on thread 2, sequence number is : 16 , mo_type is : relaxed. 
Current instr. nums: 4. 
Change Priority Points:  [0]: 16  
 no external read job. - read local 
search on 4 threads. current is the 0th thread.
search on 4 threads. current is the 1th thread.
meet the hb curr, add 1 reads. 
search on 4 threads. current is the 2th thread.
search on 4 threads. current is the 3th thread.
build_may_read_from, current history is: 4, rf_set size is : 4 
current read action location: 4215288, threadid : 2 
In process read: current localvec size is 1.
The size of localvec is 1.[location: 00000000004051F4,  seq_num: 8. value: 1]	
thread localvec size: 1 
Process read: read locally. 
localvec has no variable. randomly select from rf_set. 
rf_set size is: 4. 

 current action type is  atomic write  . on thread 2, sequence number is : 17 , mo_type is : relaxed. 

 Process write action. Updates local vec in thread 2 - The size of localvec is 1.[location: 00000000004051F4,  seq_num: 8. value: 1]	
calling the get_next_thread. 

 current action type is  atomic read   . on thread 2, sequence number is : 18 , mo_type is : relaxed. 
Current instr. nums: 5. 
Change Priority Points:  [0]: 16  
 no external read job. - read local 
search on 4 threads. current is the 0th thread.
search on 4 threads. current is the 1th thread.
meet the hb curr, add 1 reads. 
search on 4 threads. current is the 2th thread.
search on 4 threads. current is the 3th thread.
build_may_read_from, current history is: 4, rf_set size is : 4 
current read action location: 4215288, threadid : 2 
In process read: current localvec size is 1.
The size of localvec is 1.[location: 00000000004051F4,  seq_num: 8. value: 1]	
thread localvec size: 1 
Process read: read locally. 
localvec has no variable. randomly select from rf_set. 
rf_set size is: 4. 
current read action location: 4215288, threadid : 2 
In process read: current localvec size is 1.
The size of localvec is 1.[location: 00000000004051F4,  seq_num: 8. value: 1]	
thread localvec size: 1 
Process read: read locally. 
localvec has no variable. randomly select from rf_set. 
rf_set size is: 3. 

 current action type is  atomic write  . on thread 2, sequence number is : 19 , mo_type is : relaxed. 

 Process write action. Updates local vec in thread 2 - The size of localvec is 1.[location: 00000000004051F4,  seq_num: 8. value: 1]	
calling the get_next_thread. 

 current action type is  atomic read   . on thread 2, sequence number is : 20 , mo_type is : relaxed. 
Current instr. nums: 6. 
Change Priority Points:  [0]: 16  
 no external read job. - read local 
search on 4 threads. current is the 0th thread.
search on 4 threads. current is the 1th thread.
meet the hb curr, add 1 reads. 
search on 4 threads. current is the 2th thread.
search on 4 threads. current is the 3th thread.
build_may_read_from, current history is: 4, rf_set size is : 4 
current read action location: 4215288, threadid : 2 
In process read: current localvec size is 1.
The size of localvec is 1.[location: 00000000004051F4,  seq_num: 8. value: 1]	
thread localvec size: 1 
Process read: read locally. 
localvec has no variable. randomly select from rf_set. 
rf_set size is: 4. 

 current action type is  thread finish . on thread 2, sequence number is : 21 , mo_type is : seq_cst. 
calling the get_next_thread. 

 current action type is  pthread join  . on thread 1, sequence number is : 22 , mo_type is : seq_cst. 
calling the get_next_thread. 

 current action type is  pthread join  . on thread 1, sequence number is : 23 , mo_type is : seq_cst. 

 current action type is  thread finish . on thread 1, sequence number is : 24 , mo_type is : seq_cst. 
******* Model-checking complete: *******
Number of complete, bug-free executions: 1
Number of buggy executions: 0
Total executions: 1


--- Run #2 ---
C11Tester
Copyright (c) 2013 and 2019 Regents of the University of California. All rights reserved.
Distributed under the GPLv2
Written by Weiyu Luo, Brian Norris, and Brian Demsky

Print current params: 
-v[NUM], --verbose[=NUM]   Default: 0 Now: 0
-x, --maxexec=NUM           Maximum number of executions. Default: 10 Now: 1
-m, --minsize=NUM           Minimum number of actions to keep Default: 0 Now: 0
-f, --freqfree=NUM          Frequency to free actions Default:500000 Now: 500000
-l, --maxscheduler=NUM		 Scheduler length limitation Default:50 Now: 20
-b, --bugdepth=NUM			 bugdepth Default:5 Now: 1
-p, --version=NUM			 c11testerversion Default:0 Now: 1
-i, --maxinstr=NUM			 read num bounds: Default:30 Now: 30
-y, --history=NUM			 rf_set searcg bounds: Default:20 Now: 4
The limit of read nums is 150. 
using pct version now. 
Change Priority Points:  [0]: 16  

 current action type is  thread start  . on thread 1, sequence number is : 1 , mo_type is : seq_cst. 

 current action type is  atomic write  . on thread 1, sequence number is : 2 , mo_type is : relaxed. 

 Process write action. Updates local vec in thread 1 - The size of localvec is 1.[location: 00000000004051F4,  seq_num: 2. value: 0]	

 current action type is  atomic write  . on thread 1, sequence number is : 3 , mo_type is : relaxed. 

 Process write action. Updates local vec in thread 1 - The size of localvec is 2.[location: 00000000004051F4,  seq_num: 2. value: 0]	[location: 00000000004051F8,  seq_num: 3. value: 0]	

 current action type is  pthread create. on thread 1, sequence number is : 4 , mo_type is : seq_cst. 

 current action type is  thread start  . on thread 2, sequence number is : 5 , mo_type is : seq_cst. 

 current action type is  pthread create. on thread 1, sequence number is : 6 , mo_type is : seq_cst. 

 current action type is  thread start  . on thread 3, sequence number is : 7 , mo_type is : seq_cst. 

 current action type is  atomic write  . on thread 2, sequence number is : 8 , mo_type is : relaxed. 

 Process write action. Updates local vec in thread 2 - The size of localvec is 1.[location: 00000000004051F4,  seq_num: 8. value: 1]	

 current action type is  atomic write  . on thread 3, sequence number is : 9 , mo_type is : relaxed. 

 Process write action. Updates local vec in thread 3 - The size of localvec is 1.[location: 00000000004051F8,  seq_num: 9. value: 1]	
calling the get_next_thread. 

 current action type is  atomic read   . on thread 3, sequence number is : 10 , mo_type is : relaxed. 
Current instr. nums: 1. 
Change Priority Points:  [0]: 16  
 no external read job. - read local 
search on 4 threads. current is the 0th thread.
search on 4 threads. current is the 1th thread.
meet the hb curr, add 1 reads. 
search on 4 threads. current is the 2th thread.
search on 4 threads. current is the 3th thread.
build_may_read_from, current history is: 4, rf_set size is : 2 
current read action location: 4215284, threadid : 3 
In process read: current localvec size is 1.
The size of localvec is 1.[location: 00000000004051F8,  seq_num: 9. value: 1]	
thread localvec size: 1 
Process read: read locally. 
localvec has no variable. randomly select from rf_set. 
rf_set size is: 2. 

 current action type is  atomic write  . on thread 3, sequence number is : 11 , mo_type is : relaxed. 

 Process write action. Updates local vec in thread 3 - The size of localvec is 1.[location: 00000000004051F8,  seq_num: 9. value: 1]	
calling the get_next_thread. 

 current action type is  atomic read   . on thread 3, sequence number is : 12 , mo_type is : relaxed. 
Current instr. nums: 2. 
Change Priority Points:  [0]: 16  
 no external read job. - read local 
search on 4 threads. current is the 0th thread.
search on 4 threads. current is the 1th thread.
meet the hb curr, add 1 reads. 
search on 4 threads. current is the 2th thread.
search on 4 threads. current is the 3th thread.
build_may_read_from, current history is: 4, rf_set size is : 2 
current read action location: 4215284, threadid : 3 
In process read: current localvec size is 1.
The size of localvec is 1.[location: 00000000004051F8,  seq_num: 9. value: 1]	
thread localvec size: 1 
Process read: read locally. 
localvec has no variable. randomly select from rf_set. 
rf_set size is: 2. 

 current action type is  atomic write  . on thread 3, sequence number is : 13 , mo_type is : relaxed. 

 Process write action. Updates local vec in thread 3 - The size of localvec is 1.[location: 00000000004051F8,  seq_num: 9. value: 1]	
calling the get_next_thread. 

 current action type is  atomic read   . on thread 3, sequence number is : 14 , mo_type is : relaxed. 
Current instr. nums: 3. 
Change Priority Points:  [0]: 16  
 no external read job. - read local 
search on 4 threads. current is the 0th thread.
search on 4 threads. current is the 1th thread.
meet the hb curr, add 1 reads. 
search on 4 threads. current is the 2th thread.
search on 4 threads. current is the 3th thread.
build_may_read_from, current history is: 4, rf_set size is : 2 
current read action location: 4215284, threadid : 3 
In process read: current localvec size is 1.
The size of localvec is 1.[location: 00000000004051F8,  seq_num: 9. value: 1]	
thread localvec size: 1 
Process read: read locally. 
localvec has no variable. randomly select from rf_set. 
rf_set size is: 2. 

 current action type is  thread finish . on thread 3, sequence number is : 15 , mo_type is : seq_cst. 
calling the get_next_thread. 

 current action type is  atomic read   . on thread 2, sequence number is : 16 , mo_type is : relaxed. 
Current instr. nums: 4. 
Change Priority Points:  [0]: 16  
 no external read job. - read local 
search on 4 threads. current is the 0th thread.
search on 4 threads. current is the 1th thread.
meet the hb curr, add 1 reads. 
search on 4 threads. current is the 2th thread.
search on 4 threads. current is the 3th thread.
build_may_read_from, current history is: 4, rf_set size is : 4 
current read action location: 4215288, threadid : 2 
In process read: current localvec size is 1.
The size of localvec is 1.[location: 00000000004051F4,  seq_num: 8. value: 1]	
thread localvec size: 1 
Process read: read locally. 
localvec has no variable. randomly select from rf_set. 
rf_set size is: 4. 

 current action type is  atomic write  . on thread 2, sequence number is : 17 , mo_type is : relaxed. 

 Process write action. Updates local vec in thread 2 - The size of localvec is 1.[location: 00000000004051F4,  seq_num: 8. value: 1]	
calling the get_next_thread. 

 current action type is  atomic read   . on thread 2, sequence number is : 18 , mo_type is : relaxed. 
Current instr. nums: 5. 
Change Priority Points:  [0]: 16  
 no external read job. - read local 
search on 4 threads. current is the 0th thread.
search on 4 threads. current is the 1th thread.
meet the hb curr, add 1 reads. 
search on 4 threads. current is the 2th thread.
search on 4 threads. current is the 3th thread.
build_may_read_from, current history is: 4, rf_set size is : 4 
current read action location: 4215288, threadid : 2 
In process read: current localvec size is 1.
The size of localvec is 1.[location: 00000000004051F4,  seq_num: 8. value: 1]	
thread localvec size: 1 
Process read: read locally. 
localvec has no variable. randomly select from rf_set. 
rf_set size is: 4. 

 current action type is  atomic write  . on thread 2, sequence number is : 19 , mo_type is : relaxed. 

 Process write action. Updates local vec in thread 2 - The size of localvec is 1.[location: 00000000004051F4,  seq_num: 8. value: 1]	
calling the get_next_thread. 

 current action type is  atomic read   . on thread 2, sequence number is : 20 , mo_type is : relaxed. 
Current instr. nums: 6. 
Change Priority Points:  [0]: 16  
 no external read job. - read local 
search on 4 threads. current is the 0th thread.
search on 4 threads. current is the 1th thread.
meet the hb curr, add 1 reads. 
search on 4 threads. current is the 2th thread.
search on 4 threads. current is the 3th thread.
build_may_read_from, current history is: 4, rf_set size is : 4 
current read action location: 4215288, threadid : 2 
In process read: current localvec size is 1.
The size of localvec is 1.[location: 00000000004051F4,  seq_num: 8. value: 1]	
thread localvec size: 1 
Process read: read locally. 
localvec has no variable. randomly select from rf_set. 
rf_set size is: 4. 
current read action location: 4215288, threadid : 2 
In process read: current localvec size is 1.
The size of localvec is 1.[location: 00000000004051F4,  seq_num: 8. value: 1]	
thread localvec size: 1 
Process read: read locally. 
localvec has no variable. randomly select from rf_set. 
rf_set size is: 3. 

 current action type is  thread finish . on thread 2, sequence number is : 21 , mo_type is : seq_cst. 
calling the get_next_thread. 

 current action type is  pthread join  . on thread 1, sequence number is : 22 , mo_type is : seq_cst. 
calling the get_next_thread. 

 current action type is  pthread join  . on thread 1, sequence number is : 23 , mo_type is : seq_cst. 

 current action type is  thread finish . on thread 1, sequence number is : 24 , mo_type is : seq_cst. 
******* Model-checking complete: *******
Number of complete, bug-free executions: 1
Number of buggy executions: 0
Total executions: 1


--- Run #3 ---
C11Tester
Copyright (c) 2013 and 2019 Regents of the University of California. All rights reserved.
Distributed under the GPLv2
Written by Weiyu Luo, Brian Norris, and Brian Demsky

Print current params: 
-v[NUM], --verbose[=NUM]   Default: 0 Now: 0
-x, --maxexec=NUM           Maximum number of executions. Default: 10 Now: 1
-m, --minsize=NUM           Minimum number of actions to keep Default: 0 Now: 0
-f, --freqfree=NUM          Frequency to free actions Default:500000 Now: 500000
-l, --maxscheduler=NUM		 Scheduler length limitation Default:50 Now: 20
-b, --bugdepth=NUM			 bugdepth Default:5 Now: 1
-p, --version=NUM			 c11testerversion Default:0 Now: 1
-i, --maxinstr=NUM			 read num bounds: Default:30 Now: 30
-y, --history=NUM			 rf_set searcg bounds: Default:20 Now: 4
The limit of read nums is 150. 
using pct version now. 
Change Priority Points:  [0]: 16  

 current action type is  thread start  . on thread 1, sequence number is : 1 , mo_type is : seq_cst. 

 current action type is  atomic write  . on thread 1, sequence number is : 2 , mo_type is : relaxed. 

 Process write action. Updates local vec in thread 1 - The size of localvec is 1.[location: 00000000004051F4,  seq_num: 2. value: 0]	

 current action type is  atomic write  . on thread 1, sequence number is : 3 , mo_type is : relaxed. 

 Process write action. Updates local vec in thread 1 - The size of localvec is 2.[location: 00000000004051F4,  seq_num: 2. value: 0]	[location: 00000000004051F8,  seq_num: 3. value: 0]	

 current action type is  pthread create. on thread 1, sequence number is : 4 , mo_type is : seq_cst. 

 current action type is  thread start  . on thread 2, sequence number is : 5 , mo_type is : seq_cst. 

 current action type is  pthread create. on thread 1, sequence number is : 6 , mo_type is : seq_cst. 

 current action type is  thread start  . on thread 3, sequence number is : 7 , mo_type is : seq_cst. 

 current action type is  atomic write  . on thread 2, sequence number is : 8 , mo_type is : relaxed. 

 Process write action. Updates local vec in thread 2 - The size of localvec is 1.[location: 00000000004051F4,  seq_num: 8. value: 1]	

 current action type is  atomic write  . on thread 3, sequence number is : 9 , mo_type is : relaxed. 

 Process write action. Updates local vec in thread 3 - The size of localvec is 1.[location: 00000000004051F8,  seq_num: 9. value: 1]	
calling the get_next_thread. 

 current action type is  atomic read   . on thread 3, sequence number is : 10 , mo_type is : relaxed. 
Current instr. nums: 1. 
Change Priority Points:  [0]: 16  
 no external read job. - read local 
search on 4 threads. current is the 0th thread.
search on 4 threads. current is the 1th thread.
meet the hb curr, add 1 reads. 
search on 4 threads. current is the 2th thread.
search on 4 threads. current is the 3th thread.
build_may_read_from, current history is: 4, rf_set size is : 2 
current read action location: 4215284, threadid : 3 
In process read: current localvec size is 1.
The size of localvec is 1.[location: 00000000004051F8,  seq_num: 9. value: 1]	
thread localvec size: 1 
Process read: read locally. 
localvec has no variable. randomly select from rf_set. 
rf_set size is: 2. 

 current action type is  atomic write  . on thread 3, sequence number is : 11 , mo_type is : relaxed. 

 Process write action. Updates local vec in thread 3 - The size of localvec is 1.[location: 00000000004051F8,  seq_num: 9. value: 1]	
calling the get_next_thread. 

 current action type is  atomic read   . on thread 3, sequence number is : 12 , mo_type is : relaxed. 
Current instr. nums: 2. 
Change Priority Points:  [0]: 16  
 no external read job. - read local 
search on 4 threads. current is the 0th thread.
search on 4 threads. current is the 1th thread.
meet the hb curr, add 1 reads. 
search on 4 threads. current is the 2th thread.
search on 4 threads. current is the 3th thread.
build_may_read_from, current history is: 4, rf_set size is : 2 
current read action location: 4215284, threadid : 3 
In process read: current localvec size is 1.
The size of localvec is 1.[location: 00000000004051F8,  seq_num: 9. value: 1]	
thread localvec size: 1 
Process read: read locally. 
localvec has no variable. randomly select from rf_set. 
rf_set size is: 2. 

 current action type is  atomic write  . on thread 3, sequence number is : 13 , mo_type is : relaxed. 

 Process write action. Updates local vec in thread 3 - The size of localvec is 1.[location: 00000000004051F8,  seq_num: 9. value: 1]	
calling the get_next_thread. 

 current action type is  atomic read   . on thread 3, sequence number is : 14 , mo_type is : relaxed. 
Current instr. nums: 3. 
Change Priority Points:  [0]: 16  
 no external read job. - read local 
search on 4 threads. current is the 0th thread.
search on 4 threads. current is the 1th thread.
meet the hb curr, add 1 reads. 
search on 4 threads. current is the 2th thread.
search on 4 threads. current is the 3th thread.
build_may_read_from, current history is: 4, rf_set size is : 2 
current read action location: 4215284, threadid : 3 
In process read: current localvec size is 1.
The size of localvec is 1.[location: 00000000004051F8,  seq_num: 9. value: 1]	
thread localvec size: 1 
Process read: read locally. 
localvec has no variable. randomly select from rf_set. 
rf_set size is: 2. 

 current action type is  thread finish . on thread 3, sequence number is : 15 , mo_type is : seq_cst. 
calling the get_next_thread. 

 current action type is  atomic read   . on thread 2, sequence number is : 16 , mo_type is : relaxed. 
Current instr. nums: 4. 
Change Priority Points:  [0]: 16  
 no external read job. - read local 
search on 4 threads. current is the 0th thread.
search on 4 threads. current is the 1th thread.
meet the hb curr, add 1 reads. 
search on 4 threads. current is the 2th thread.
search on 4 threads. current is the 3th thread.
build_may_read_from, current history is: 4, rf_set size is : 4 
current read action location: 4215288, threadid : 2 
In process read: current localvec size is 1.
The size of localvec is 1.[location: 00000000004051F4,  seq_num: 8. value: 1]	
thread localvec size: 1 
Process read: read locally. 
localvec has no variable. randomly select from rf_set. 
rf_set size is: 4. 

 current action type is  atomic write  . on thread 2, sequence number is : 17 , mo_type is : relaxed. 

 Process write action. Updates local vec in thread 2 - The size of localvec is 1.[location: 00000000004051F4,  seq_num: 8. value: 1]	
calling the get_next_thread. 

 current action type is  atomic read   . on thread 2, sequence number is : 18 , mo_type is : relaxed. 
Current instr. nums: 5. 
Change Priority Points:  [0]: 16  
 no external read job. - read local 
search on 4 threads. current is the 0th thread.
search on 4 threads. current is the 1th thread.
meet the hb curr, add 1 reads. 
search on 4 threads. current is the 2th thread.
search on 4 threads. current is the 3th thread.
build_may_read_from, current history is: 4, rf_set size is : 4 
current read action location: 4215288, threadid : 2 
In process read: current localvec size is 1.
The size of localvec is 1.[location: 00000000004051F4,  seq_num: 8. value: 1]	
thread localvec size: 1 
Process read: read locally. 
localvec has no variable. randomly select from rf_set. 
rf_set size is: 4. 

 current action type is  atomic write  . on thread 2, sequence number is : 19 , mo_type is : relaxed. 

 Process write action. Updates local vec in thread 2 - The size of localvec is 1.[location: 00000000004051F4,  seq_num: 8. value: 1]	
calling the get_next_thread. 

 current action type is  atomic read   . on thread 2, sequence number is : 20 , mo_type is : relaxed. 
Current instr. nums: 6. 
Change Priority Points:  [0]: 16  
 no external read job. - read local 
search on 4 threads. current is the 0th thread.
search on 4 threads. current is the 1th thread.
meet the hb curr, add 1 reads. 
search on 4 threads. current is the 2th thread.
search on 4 threads. current is the 3th thread.
build_may_read_from, current history is: 4, rf_set size is : 4 
current read action location: 4215288, threadid : 2 
In process read: current localvec size is 1.
The size of localvec is 1.[location: 00000000004051F4,  seq_num: 8. value: 1]	
thread localvec size: 1 
Process read: read locally. 
localvec has no variable. randomly select from rf_set. 
rf_set size is: 4. 
current read action location: 4215288, threadid : 2 
In process read: current localvec size is 1.
The size of localvec is 1.[location: 00000000004051F4,  seq_num: 8. value: 1]	
thread localvec size: 1 
Process read: read locally. 
localvec has no variable. randomly select from rf_set. 
rf_set size is: 3. 
current read action location: 4215288, threadid : 2 
In process read: current localvec size is 1.
The size of localvec is 1.[location: 00000000004051F4,  seq_num: 8. value: 1]	
thread localvec size: 1 
Process read: read locally. 
localvec has no variable. randomly select from rf_set. 
rf_set size is: 2. 

 current action type is  thread finish . on thread 2, sequence number is : 21 , mo_type is : seq_cst. 
calling the get_next_thread. 

 current action type is  pthread join  . on thread 1, sequence number is : 22 , mo_type is : seq_cst. 
calling the get_next_thread. 

 current action type is  pthread join  . on thread 1, sequence number is : 23 , mo_type is : seq_cst. 

 current action type is  thread finish . on thread 1, sequence number is : 24 , mo_type is : seq_cst. 
******* Model-checking complete: *******
Number of complete, bug-free executions: 1
Number of buggy executions: 0
Total executions: 1


--- Run #4 ---
C11Tester
Copyright (c) 2013 and 2019 Regents of the University of California. All rights reserved.
Distributed under the GPLv2
Written by Weiyu Luo, Brian Norris, and Brian Demsky

Print current params: 
-v[NUM], --verbose[=NUM]   Default: 0 Now: 0
-x, --maxexec=NUM           Maximum number of executions. Default: 10 Now: 1
-m, --minsize=NUM           Minimum number of actions to keep Default: 0 Now: 0
-f, --freqfree=NUM          Frequency to free actions Default:500000 Now: 500000
-l, --maxscheduler=NUM		 Scheduler length limitation Default:50 Now: 20
-b, --bugdepth=NUM			 bugdepth Default:5 Now: 1
-p, --version=NUM			 c11testerversion Default:0 Now: 1
-i, --maxinstr=NUM			 read num bounds: Default:30 Now: 30
-y, --history=NUM			 rf_set searcg bounds: Default:20 Now: 4
The limit of read nums is 150. 
using pct version now. 
Change Priority Points:  [0]: 16  

 current action type is  thread start  . on thread 1, sequence number is : 1 , mo_type is : seq_cst. 

 current action type is  atomic write  . on thread 1, sequence number is : 2 , mo_type is : relaxed. 

 Process write action. Updates local vec in thread 1 - The size of localvec is 1.[location: 00000000004051F4,  seq_num: 2. value: 0]	

 current action type is  atomic write  . on thread 1, sequence number is : 3 , mo_type is : relaxed. 

 Process write action. Updates local vec in thread 1 - The size of localvec is 2.[location: 00000000004051F4,  seq_num: 2. value: 0]	[location: 00000000004051F8,  seq_num: 3. value: 0]	

 current action type is  pthread create. on thread 1, sequence number is : 4 , mo_type is : seq_cst. 

 current action type is  thread start  . on thread 2, sequence number is : 5 , mo_type is : seq_cst. 

 current action type is  pthread create. on thread 1, sequence number is : 6 , mo_type is : seq_cst. 

 current action type is  thread start  . on thread 3, sequence number is : 7 , mo_type is : seq_cst. 

 current action type is  atomic write  . on thread 2, sequence number is : 8 , mo_type is : relaxed. 

 Process write action. Updates local vec in thread 2 - The size of localvec is 1.[location: 00000000004051F4,  seq_num: 8. value: 1]	

 current action type is  atomic write  . on thread 3, sequence number is : 9 , mo_type is : relaxed. 

 Process write action. Updates local vec in thread 3 - The size of localvec is 1.[location: 00000000004051F8,  seq_num: 9. value: 1]	
calling the get_next_thread. 

 current action type is  atomic read   . on thread 3, sequence number is : 10 , mo_type is : relaxed. 
Current instr. nums: 1. 
Change Priority Points:  [0]: 16  
 no external read job. - read local 
search on 4 threads. current is the 0th thread.
search on 4 threads. current is the 1th thread.
meet the hb curr, add 1 reads. 
search on 4 threads. current is the 2th thread.
search on 4 threads. current is the 3th thread.
build_may_read_from, current history is: 4, rf_set size is : 2 
current read action location: 4215284, threadid : 3 
In process read: current localvec size is 1.
The size of localvec is 1.[location: 00000000004051F8,  seq_num: 9. value: 1]	
thread localvec size: 1 
Process read: read locally. 
localvec has no variable. randomly select from rf_set. 
rf_set size is: 2. 

 current action type is  atomic write  . on thread 3, sequence number is : 11 , mo_type is : relaxed. 

 Process write action. Updates local vec in thread 3 - The size of localvec is 1.[location: 00000000004051F8,  seq_num: 9. value: 1]	
calling the get_next_thread. 

 current action type is  atomic read   . on thread 3, sequence number is : 12 , mo_type is : relaxed. 
Current instr. nums: 2. 
Change Priority Points:  [0]: 16  
 no external read job. - read local 
search on 4 threads. current is the 0th thread.
search on 4 threads. current is the 1th thread.
meet the hb curr, add 1 reads. 
search on 4 threads. current is the 2th thread.
search on 4 threads. current is the 3th thread.
build_may_read_from, current history is: 4, rf_set size is : 2 
current read action location: 4215284, threadid : 3 
In process read: current localvec size is 1.
The size of localvec is 1.[location: 00000000004051F8,  seq_num: 9. value: 1]	
thread localvec size: 1 
Process read: read locally. 
localvec has no variable. randomly select from rf_set. 
rf_set size is: 2. 

 current action type is  atomic write  . on thread 3, sequence number is : 13 , mo_type is : relaxed. 

 Process write action. Updates local vec in thread 3 - The size of localvec is 1.[location: 00000000004051F8,  seq_num: 9. value: 1]	
calling the get_next_thread. 

 current action type is  atomic read   . on thread 3, sequence number is : 14 , mo_type is : relaxed. 
Current instr. nums: 3. 
Change Priority Points:  [0]: 16  
 no external read job. - read local 
search on 4 threads. current is the 0th thread.
search on 4 threads. current is the 1th thread.
meet the hb curr, add 1 reads. 
search on 4 threads. current is the 2th thread.
search on 4 threads. current is the 3th thread.
build_may_read_from, current history is: 4, rf_set size is : 2 
current read action location: 4215284, threadid : 3 
In process read: current localvec size is 1.
The size of localvec is 1.[location: 00000000004051F8,  seq_num: 9. value: 1]	
thread localvec size: 1 
Process read: read locally. 
localvec has no variable. randomly select from rf_set. 
rf_set size is: 2. 
current read action location: 4215284, threadid : 3 
In process read: current localvec size is 1.
The size of localvec is 1.[location: 00000000004051F8,  seq_num: 9. value: 1]	
thread localvec size: 1 
Process read: read locally. 
localvec has no variable. randomly select from rf_set. 
rf_set size is: 1. 

 current action type is  thread finish . on thread 3, sequence number is : 15 , mo_type is : seq_cst. 
calling the get_next_thread. 

 current action type is  atomic read   . on thread 2, sequence number is : 16 , mo_type is : relaxed. 
Current instr. nums: 4. 
Change Priority Points:  [0]: 16  
 no external read job. - read local 
search on 4 threads. current is the 0th thread.
search on 4 threads. current is the 1th thread.
meet the hb curr, add 1 reads. 
search on 4 threads. current is the 2th thread.
search on 4 threads. current is the 3th thread.
build_may_read_from, current history is: 4, rf_set size is : 4 
current read action location: 4215288, threadid : 2 
In process read: current localvec size is 1.
The size of localvec is 1.[location: 00000000004051F4,  seq_num: 8. value: 1]	
thread localvec size: 1 
Process read: read locally. 
localvec has no variable. randomly select from rf_set. 
rf_set size is: 4. 

 current action type is  atomic write  . on thread 2, sequence number is : 17 , mo_type is : relaxed. 

 Process write action. Updates local vec in thread 2 - The size of localvec is 1.[location: 00000000004051F4,  seq_num: 8. value: 1]	
calling the get_next_thread. 

 current action type is  atomic read   . on thread 2, sequence number is : 18 , mo_type is : relaxed. 
Current instr. nums: 5. 
Change Priority Points:  [0]: 16  
 no external read job. - read local 
search on 4 threads. current is the 0th thread.
search on 4 threads. current is the 1th thread.
meet the hb curr, add 1 reads. 
search on 4 threads. current is the 2th thread.
search on 4 threads. current is the 3th thread.
build_may_read_from, current history is: 4, rf_set size is : 4 
current read action location: 4215288, threadid : 2 
In process read: current localvec size is 1.
The size of localvec is 1.[location: 00000000004051F4,  seq_num: 8. value: 1]	
thread localvec size: 1 
Process read: read locally. 
localvec has no variable. randomly select from rf_set. 
rf_set size is: 4. 

 current action type is  atomic write  . on thread 2, sequence number is : 19 , mo_type is : relaxed. 

 Process write action. Updates local vec in thread 2 - The size of localvec is 1.[location: 00000000004051F4,  seq_num: 8. value: 1]	
calling the get_next_thread. 

 current action type is  atomic read   . on thread 2, sequence number is : 20 , mo_type is : relaxed. 
Current instr. nums: 6. 
Change Priority Points:  [0]: 16  
 no external read job. - read local 
search on 4 threads. current is the 0th thread.
search on 4 threads. current is the 1th thread.
meet the hb curr, add 1 reads. 
search on 4 threads. current is the 2th thread.
search on 4 threads. current is the 3th thread.
build_may_read_from, current history is: 4, rf_set size is : 4 
current read action location: 4215288, threadid : 2 
In process read: current localvec size is 1.
The size of localvec is 1.[location: 00000000004051F4,  seq_num: 8. value: 1]	
thread localvec size: 1 
Process read: read locally. 
localvec has no variable. randomly select from rf_set. 
rf_set size is: 4. 
current read action location: 4215288, threadid : 2 
In process read: current localvec size is 1.
The size of localvec is 1.[location: 00000000004051F4,  seq_num: 8. value: 1]	
thread localvec size: 1 
Process read: read locally. 
localvec has no variable. randomly select from rf_set. 
rf_set size is: 3. 

 current action type is  thread finish . on thread 2, sequence number is : 21 , mo_type is : seq_cst. 
calling the get_next_thread. 

 current action type is  pthread join  . on thread 1, sequence number is : 22 , mo_type is : seq_cst. 
calling the get_next_thread. 

 current action type is  pthread join  . on thread 1, sequence number is : 23 , mo_type is : seq_cst. 

 current action type is  thread finish . on thread 1, sequence number is : 24 , mo_type is : seq_cst. 
******* Model-checking complete: *******
Number of complete, bug-free executions: 1
Number of buggy executions: 0
Total executions: 1


--- Run #5 ---
C11Tester
Copyright (c) 2013 and 2019 Regents of the University of California. All rights reserved.
Distributed under the GPLv2
Written by Weiyu Luo, Brian Norris, and Brian Demsky

Print current params: 
-v[NUM], --verbose[=NUM]   Default: 0 Now: 0
-x, --maxexec=NUM           Maximum number of executions. Default: 10 Now: 1
-m, --minsize=NUM           Minimum number of actions to keep Default: 0 Now: 0
-f, --freqfree=NUM          Frequency to free actions Default:500000 Now: 500000
-l, --maxscheduler=NUM		 Scheduler length limitation Default:50 Now: 20
-b, --bugdepth=NUM			 bugdepth Default:5 Now: 1
-p, --version=NUM			 c11testerversion Default:0 Now: 1
-i, --maxinstr=NUM			 read num bounds: Default:30 Now: 30
-y, --history=NUM			 rf_set searcg bounds: Default:20 Now: 4
The limit of read nums is 150. 
using pct version now. 
Change Priority Points:  [0]: 16  

 current action type is  thread start  . on thread 1, sequence number is : 1 , mo_type is : seq_cst. 

 current action type is  atomic write  . on thread 1, sequence number is : 2 , mo_type is : relaxed. 

 Process write action. Updates local vec in thread 1 - The size of localvec is 1.[location: 00000000004051F4,  seq_num: 2. value: 0]	

 current action type is  atomic write  . on thread 1, sequence number is : 3 , mo_type is : relaxed. 

 Process write action. Updates local vec in thread 1 - The size of localvec is 2.[location: 00000000004051F4,  seq_num: 2. value: 0]	[location: 00000000004051F8,  seq_num: 3. value: 0]	

 current action type is  pthread create. on thread 1, sequence number is : 4 , mo_type is : seq_cst. 

 current action type is  thread start  . on thread 2, sequence number is : 5 , mo_type is : seq_cst. 

 current action type is  pthread create. on thread 1, sequence number is : 6 , mo_type is : seq_cst. 

 current action type is  thread start  . on thread 3, sequence number is : 7 , mo_type is : seq_cst. 

 current action type is  atomic write  . on thread 2, sequence number is : 8 , mo_type is : relaxed. 

 Process write action. Updates local vec in thread 2 - The size of localvec is 1.[location: 00000000004051F4,  seq_num: 8. value: 1]	

 current action type is  atomic write  . on thread 3, sequence number is : 9 , mo_type is : relaxed. 

 Process write action. Updates local vec in thread 3 - The size of localvec is 1.[location: 00000000004051F8,  seq_num: 9. value: 1]	
calling the get_next_thread. 

 current action type is  atomic read   . on thread 3, sequence number is : 10 , mo_type is : relaxed. 
Current instr. nums: 1. 
Change Priority Points:  [0]: 16  
 no external read job. - read local 
search on 4 threads. current is the 0th thread.
search on 4 threads. current is the 1th thread.
meet the hb curr, add 1 reads. 
search on 4 threads. current is the 2th thread.
search on 4 threads. current is the 3th thread.
build_may_read_from, current history is: 4, rf_set size is : 2 
current read action location: 4215284, threadid : 3 
In process read: current localvec size is 1.
The size of localvec is 1.[location: 00000000004051F8,  seq_num: 9. value: 1]	
thread localvec size: 1 
Process read: read locally. 
localvec has no variable. randomly select from rf_set. 
rf_set size is: 2. 

 current action type is  atomic write  . on thread 3, sequence number is : 11 , mo_type is : relaxed. 

 Process write action. Updates local vec in thread 3 - The size of localvec is 1.[location: 00000000004051F8,  seq_num: 9. value: 1]	
calling the get_next_thread. 

 current action type is  atomic read   . on thread 3, sequence number is : 12 , mo_type is : relaxed. 
Current instr. nums: 2. 
Change Priority Points:  [0]: 16  
 no external read job. - read local 
search on 4 threads. current is the 0th thread.
search on 4 threads. current is the 1th thread.
meet the hb curr, add 1 reads. 
search on 4 threads. current is the 2th thread.
search on 4 threads. current is the 3th thread.
build_may_read_from, current history is: 4, rf_set size is : 2 
current read action location: 4215284, threadid : 3 
In process read: current localvec size is 1.
The size of localvec is 1.[location: 00000000004051F8,  seq_num: 9. value: 1]	
thread localvec size: 1 
Process read: read locally. 
localvec has no variable. randomly select from rf_set. 
rf_set size is: 2. 

 current action type is  atomic write  . on thread 3, sequence number is : 13 , mo_type is : relaxed. 

 Process write action. Updates local vec in thread 3 - The size of localvec is 1.[location: 00000000004051F8,  seq_num: 9. value: 1]	
calling the get_next_thread. 

 current action type is  atomic read   . on thread 3, sequence number is : 14 , mo_type is : relaxed. 
Current instr. nums: 3. 
Change Priority Points:  [0]: 16  
 no external read job. - read local 
search on 4 threads. current is the 0th thread.
search on 4 threads. current is the 1th thread.
meet the hb curr, add 1 reads. 
search on 4 threads. current is the 2th thread.
search on 4 threads. current is the 3th thread.
build_may_read_from, current history is: 4, rf_set size is : 2 
current read action location: 4215284, threadid : 3 
In process read: current localvec size is 1.
The size of localvec is 1.[location: 00000000004051F8,  seq_num: 9. value: 1]	
thread localvec size: 1 
Process read: read locally. 
localvec has no variable. randomly select from rf_set. 
rf_set size is: 2. 

 current action type is  thread finish . on thread 3, sequence number is : 15 , mo_type is : seq_cst. 
calling the get_next_thread. 

 current action type is  atomic read   . on thread 2, sequence number is : 16 , mo_type is : relaxed. 
Current instr. nums: 4. 
Change Priority Points:  [0]: 16  
 no external read job. - read local 
search on 4 threads. current is the 0th thread.
search on 4 threads. current is the 1th thread.
meet the hb curr, add 1 reads. 
search on 4 threads. current is the 2th thread.
search on 4 threads. current is the 3th thread.
build_may_read_from, current history is: 4, rf_set size is : 4 
current read action location: 4215288, threadid : 2 
In process read: current localvec size is 1.
The size of localvec is 1.[location: 00000000004051F4,  seq_num: 8. value: 1]	
thread localvec size: 1 
Process read: read locally. 
localvec has no variable. randomly select from rf_set. 
rf_set size is: 4. 

 current action type is  atomic write  . on thread 2, sequence number is : 17 , mo_type is : relaxed. 

 Process write action. Updates local vec in thread 2 - The size of localvec is 1.[location: 00000000004051F4,  seq_num: 8. value: 1]	
calling the get_next_thread. 

 current action type is  atomic read   . on thread 2, sequence number is : 18 , mo_type is : relaxed. 
Current instr. nums: 5. 
Change Priority Points:  [0]: 16  
 no external read job. - read local 
search on 4 threads. current is the 0th thread.
search on 4 threads. current is the 1th thread.
meet the hb curr, add 1 reads. 
search on 4 threads. current is the 2th thread.
search on 4 threads. current is the 3th thread.
build_may_read_from, current history is: 4, rf_set size is : 4 
current read action location: 4215288, threadid : 2 
In process read: current localvec size is 1.
The size of localvec is 1.[location: 00000000004051F4,  seq_num: 8. value: 1]	
thread localvec size: 1 
Process read: read locally. 
localvec has no variable. randomly select from rf_set. 
rf_set size is: 4. 

 current action type is  atomic write  . on thread 2, sequence number is : 19 , mo_type is : relaxed. 

 Process write action. Updates local vec in thread 2 - The size of localvec is 1.[location: 00000000004051F4,  seq_num: 8. value: 1]	
calling the get_next_thread. 

 current action type is  atomic read   . on thread 2, sequence number is : 20 , mo_type is : relaxed. 
Current instr. nums: 6. 
Change Priority Points:  [0]: 16  
 no external read job. - read local 
search on 4 threads. current is the 0th thread.
search on 4 threads. current is the 1th thread.
meet the hb curr, add 1 reads. 
search on 4 threads. current is the 2th thread.
search on 4 threads. current is the 3th thread.
build_may_read_from, current history is: 4, rf_set size is : 4 
current read action location: 4215288, threadid : 2 
In process read: current localvec size is 1.
The size of localvec is 1.[location: 00000000004051F4,  seq_num: 8. value: 1]	
thread localvec size: 1 
Process read: read locally. 
localvec has no variable. randomly select from rf_set. 
rf_set size is: 4. 
current read action location: 4215288, threadid : 2 
In process read: current localvec size is 1.
The size of localvec is 1.[location: 00000000004051F4,  seq_num: 8. value: 1]	
thread localvec size: 1 
Process read: read locally. 
localvec has no variable. randomly select from rf_set. 
rf_set size is: 3. 

 current action type is  thread finish . on thread 2, sequence number is : 21 , mo_type is : seq_cst. 
calling the get_next_thread. 

 current action type is  pthread join  . on thread 1, sequence number is : 22 , mo_type is : seq_cst. 
calling the get_next_thread. 

 current action type is  pthread join  . on thread 1, sequence number is : 23 , mo_type is : seq_cst. 

 current action type is  thread finish . on thread 1, sequence number is : 24 , mo_type is : seq_cst. 
******* Model-checking complete: *******
Number of complete, bug-free executions: 1
Number of buggy executions: 0
Total executions: 1


--- Run #6 ---
C11Tester
Copyright (c) 2013 and 2019 Regents of the University of California. All rights reserved.
Distributed under the GPLv2
Written by Weiyu Luo, Brian Norris, and Brian Demsky

Print current params: 
-v[NUM], --verbose[=NUM]   Default: 0 Now: 0
-x, --maxexec=NUM           Maximum number of executions. Default: 10 Now: 1
-m, --minsize=NUM           Minimum number of actions to keep Default: 0 Now: 0
-f, --freqfree=NUM          Frequency to free actions Default:500000 Now: 500000
-l, --maxscheduler=NUM		 Scheduler length limitation Default:50 Now: 20
-b, --bugdepth=NUM			 bugdepth Default:5 Now: 1
-p, --version=NUM			 c11testerversion Default:0 Now: 1
-i, --maxinstr=NUM			 read num bounds: Default:30 Now: 30
-y, --history=NUM			 rf_set searcg bounds: Default:20 Now: 4
The limit of read nums is 150. 
using pct version now. 
Change Priority Points:  [0]: 16  

 current action type is  thread start  . on thread 1, sequence number is : 1 , mo_type is : seq_cst. 

 current action type is  atomic write  . on thread 1, sequence number is : 2 , mo_type is : relaxed. 

 Process write action. Updates local vec in thread 1 - The size of localvec is 1.[location: 00000000004051F4,  seq_num: 2. value: 0]	

 current action type is  atomic write  . on thread 1, sequence number is : 3 , mo_type is : relaxed. 

 Process write action. Updates local vec in thread 1 - The size of localvec is 2.[location: 00000000004051F4,  seq_num: 2. value: 0]	[location: 00000000004051F8,  seq_num: 3. value: 0]	

 current action type is  pthread create. on thread 1, sequence number is : 4 , mo_type is : seq_cst. 

 current action type is  thread start  . on thread 2, sequence number is : 5 , mo_type is : seq_cst. 

 current action type is  pthread create. on thread 1, sequence number is : 6 , mo_type is : seq_cst. 

 current action type is  thread start  . on thread 3, sequence number is : 7 , mo_type is : seq_cst. 

 current action type is  atomic write  . on thread 2, sequence number is : 8 , mo_type is : relaxed. 

 Process write action. Updates local vec in thread 2 - The size of localvec is 1.[location: 00000000004051F4,  seq_num: 8. value: 1]	

 current action type is  atomic write  . on thread 3, sequence number is : 9 , mo_type is : relaxed. 

 Process write action. Updates local vec in thread 3 - The size of localvec is 1.[location: 00000000004051F8,  seq_num: 9. value: 1]	
calling the get_next_thread. 

 current action type is  atomic read   . on thread 3, sequence number is : 10 , mo_type is : relaxed. 
Current instr. nums: 1. 
Change Priority Points:  [0]: 16  
 no external read job. - read local 
search on 4 threads. current is the 0th thread.
search on 4 threads. current is the 1th thread.
meet the hb curr, add 1 reads. 
search on 4 threads. current is the 2th thread.
search on 4 threads. current is the 3th thread.
build_may_read_from, current history is: 4, rf_set size is : 2 
current read action location: 4215284, threadid : 3 
In process read: current localvec size is 1.
The size of localvec is 1.[location: 00000000004051F8,  seq_num: 9. value: 1]	
thread localvec size: 1 
Process read: read locally. 
localvec has no variable. randomly select from rf_set. 
rf_set size is: 2. 

 current action type is  atomic write  . on thread 3, sequence number is : 11 , mo_type is : relaxed. 

 Process write action. Updates local vec in thread 3 - The size of localvec is 1.[location: 00000000004051F8,  seq_num: 9. value: 1]	
calling the get_next_thread. 

 current action type is  atomic read   . on thread 3, sequence number is : 12 , mo_type is : relaxed. 
Current instr. nums: 2. 
Change Priority Points:  [0]: 16  
 no external read job. - read local 
search on 4 threads. current is the 0th thread.
search on 4 threads. current is the 1th thread.
meet the hb curr, add 1 reads. 
search on 4 threads. current is the 2th thread.
search on 4 threads. current is the 3th thread.
build_may_read_from, current history is: 4, rf_set size is : 2 
current read action location: 4215284, threadid : 3 
In process read: current localvec size is 1.
The size of localvec is 1.[location: 00000000004051F8,  seq_num: 9. value: 1]	
thread localvec size: 1 
Process read: read locally. 
localvec has no variable. randomly select from rf_set. 
rf_set size is: 2. 
current read action location: 4215284, threadid : 3 
In process read: current localvec size is 1.
The size of localvec is 1.[location: 00000000004051F8,  seq_num: 9. value: 1]	
thread localvec size: 1 
Process read: read locally. 
localvec has no variable. randomly select from rf_set. 
rf_set size is: 1. 

 current action type is  atomic write  . on thread 3, sequence number is : 13 , mo_type is : relaxed. 

 Process write action. Updates local vec in thread 3 - The size of localvec is 1.[location: 00000000004051F8,  seq_num: 9. value: 1]	
calling the get_next_thread. 

 current action type is  atomic read   . on thread 3, sequence number is : 14 , mo_type is : relaxed. 
Current instr. nums: 3. 
Change Priority Points:  [0]: 16  
 no external read job. - read local 
search on 4 threads. current is the 0th thread.
search on 4 threads. current is the 1th thread.
meet the hb curr, add 1 reads. 
search on 4 threads. current is the 2th thread.
search on 4 threads. current is the 3th thread.
build_may_read_from, current history is: 4, rf_set size is : 2 
current read action location: 4215284, threadid : 3 
In process read: current localvec size is 1.
The size of localvec is 1.[location: 00000000004051F8,  seq_num: 9. value: 1]	
thread localvec size: 1 
Process read: read locally. 
localvec has no variable. randomly select from rf_set. 
rf_set size is: 2. 
current read action location: 4215284, threadid : 3 
In process read: current localvec size is 1.
The size of localvec is 1.[location: 00000000004051F8,  seq_num: 9. value: 1]	
thread localvec size: 1 
Process read: read locally. 
localvec has no variable. randomly select from rf_set. 
rf_set size is: 1. 

 current action type is  thread finish . on thread 3, sequence number is : 15 , mo_type is : seq_cst. 
calling the get_next_thread. 

 current action type is  atomic read   . on thread 2, sequence number is : 16 , mo_type is : relaxed. 
Current instr. nums: 4. 
Change Priority Points:  [0]: 16  
 no external read job. - read local 
search on 4 threads. current is the 0th thread.
search on 4 threads. current is the 1th thread.
meet the hb curr, add 1 reads. 
search on 4 threads. current is the 2th thread.
search on 4 threads. current is the 3th thread.
build_may_read_from, current history is: 4, rf_set size is : 4 
current read action location: 4215288, threadid : 2 
In process read: current localvec size is 1.
The size of localvec is 1.[location: 00000000004051F4,  seq_num: 8. value: 1]	
thread localvec size: 1 
Process read: read locally. 
localvec has no variable. randomly select from rf_set. 
rf_set size is: 4. 

 current action type is  atomic write  . on thread 2, sequence number is : 17 , mo_type is : relaxed. 

 Process write action. Updates local vec in thread 2 - The size of localvec is 1.[location: 00000000004051F4,  seq_num: 8. value: 1]	
calling the get_next_thread. 

 current action type is  atomic read   . on thread 2, sequence number is : 18 , mo_type is : relaxed. 
Current instr. nums: 5. 
Change Priority Points:  [0]: 16  
 no external read job. - read local 
search on 4 threads. current is the 0th thread.
search on 4 threads. current is the 1th thread.
meet the hb curr, add 1 reads. 
search on 4 threads. current is the 2th thread.
search on 4 threads. current is the 3th thread.
build_may_read_from, current history is: 4, rf_set size is : 4 
current read action location: 4215288, threadid : 2 
In process read: current localvec size is 1.
The size of localvec is 1.[location: 00000000004051F4,  seq_num: 8. value: 1]	
thread localvec size: 1 
Process read: read locally. 
localvec has no variable. randomly select from rf_set. 
rf_set size is: 4. 

 current action type is  atomic write  . on thread 2, sequence number is : 19 , mo_type is : relaxed. 

 Process write action. Updates local vec in thread 2 - The size of localvec is 1.[location: 00000000004051F4,  seq_num: 8. value: 1]	
calling the get_next_thread. 

 current action type is  atomic read   . on thread 2, sequence number is : 20 , mo_type is : relaxed. 
Current instr. nums: 6. 
Change Priority Points:  [0]: 16  
 no external read job. - read local 
search on 4 threads. current is the 0th thread.
search on 4 threads. current is the 1th thread.
meet the hb curr, add 1 reads. 
search on 4 threads. current is the 2th thread.
search on 4 threads. current is the 3th thread.
build_may_read_from, current history is: 4, rf_set size is : 4 
current read action location: 4215288, threadid : 2 
In process read: current localvec size is 1.
The size of localvec is 1.[location: 00000000004051F4,  seq_num: 8. value: 1]	
thread localvec size: 1 
Process read: read locally. 
localvec has no variable. randomly select from rf_set. 
rf_set size is: 4. 

 current action type is  thread finish . on thread 2, sequence number is : 21 , mo_type is : seq_cst. 
calling the get_next_thread. 

 current action type is  pthread join  . on thread 1, sequence number is : 22 , mo_type is : seq_cst. 
calling the get_next_thread. 

 current action type is  pthread join  . on thread 1, sequence number is : 23 , mo_type is : seq_cst. 

 current action type is  thread finish . on thread 1, sequence number is : 24 , mo_type is : seq_cst. 
******* Model-checking complete: *******
Number of complete, bug-free executions: 1
Number of buggy executions: 0
Total executions: 1


--- Run #7 ---
C11Tester
Copyright (c) 2013 and 2019 Regents of the University of California. All rights reserved.
Distributed under the GPLv2
Written by Weiyu Luo, Brian Norris, and Brian Demsky

Print current params: 
-v[NUM], --verbose[=NUM]   Default: 0 Now: 0
-x, --maxexec=NUM           Maximum number of executions. Default: 10 Now: 1
-m, --minsize=NUM           Minimum number of actions to keep Default: 0 Now: 0
-f, --freqfree=NUM          Frequency to free actions Default:500000 Now: 500000
-l, --maxscheduler=NUM		 Scheduler length limitation Default:50 Now: 20
-b, --bugdepth=NUM			 bugdepth Default:5 Now: 1
-p, --version=NUM			 c11testerversion Default:0 Now: 1
-i, --maxinstr=NUM			 read num bounds: Default:30 Now: 30
-y, --history=NUM			 rf_set searcg bounds: Default:20 Now: 4
The limit of read nums is 150. 
using pct version now. 
Change Priority Points:  [0]: 16  

 current action type is  thread start  . on thread 1, sequence number is : 1 , mo_type is : seq_cst. 

 current action type is  atomic write  . on thread 1, sequence number is : 2 , mo_type is : relaxed. 

 Process write action. Updates local vec in thread 1 - The size of localvec is 1.[location: 00000000004051F4,  seq_num: 2. value: 0]	

 current action type is  atomic write  . on thread 1, sequence number is : 3 , mo_type is : relaxed. 

 Process write action. Updates local vec in thread 1 - The size of localvec is 2.[location: 00000000004051F4,  seq_num: 2. value: 0]	[location: 00000000004051F8,  seq_num: 3. value: 0]	

 current action type is  pthread create. on thread 1, sequence number is : 4 , mo_type is : seq_cst. 

 current action type is  thread start  . on thread 2, sequence number is : 5 , mo_type is : seq_cst. 

 current action type is  pthread create. on thread 1, sequence number is : 6 , mo_type is : seq_cst. 

 current action type is  thread start  . on thread 3, sequence number is : 7 , mo_type is : seq_cst. 

 current action type is  atomic write  . on thread 2, sequence number is : 8 , mo_type is : relaxed. 

 Process write action. Updates local vec in thread 2 - The size of localvec is 1.[location: 00000000004051F4,  seq_num: 8. value: 1]	

 current action type is  atomic write  . on thread 3, sequence number is : 9 , mo_type is : relaxed. 

 Process write action. Updates local vec in thread 3 - The size of localvec is 1.[location: 00000000004051F8,  seq_num: 9. value: 1]	
calling the get_next_thread. 

 current action type is  atomic read   . on thread 2, sequence number is : 10 , mo_type is : relaxed. 
Current instr. nums: 1. 
Change Priority Points:  [0]: 16  
 no external read job. - read local 
search on 4 threads. current is the 0th thread.
search on 4 threads. current is the 1th thread.
meet the hb curr, add 1 reads. 
search on 4 threads. current is the 2th thread.
search on 4 threads. current is the 3th thread.
build_may_read_from, current history is: 4, rf_set size is : 2 
current read action location: 4215288, threadid : 2 
In process read: current localvec size is 1.
The size of localvec is 1.[location: 00000000004051F4,  seq_num: 8. value: 1]	
thread localvec size: 1 
Process read: read locally. 
localvec has no variable. randomly select from rf_set. 
rf_set size is: 2. 

 current action type is  atomic write  . on thread 2, sequence number is : 11 , mo_type is : relaxed. 

 Process write action. Updates local vec in thread 2 - The size of localvec is 1.[location: 00000000004051F4,  seq_num: 8. value: 1]	
calling the get_next_thread. 

 current action type is  atomic read   . on thread 2, sequence number is : 12 , mo_type is : relaxed. 
Current instr. nums: 2. 
Change Priority Points:  [0]: 16  
 no external read job. - read local 
search on 4 threads. current is the 0th thread.
search on 4 threads. current is the 1th thread.
meet the hb curr, add 1 reads. 
search on 4 threads. current is the 2th thread.
search on 4 threads. current is the 3th thread.
build_may_read_from, current history is: 4, rf_set size is : 2 
current read action location: 4215288, threadid : 2 
In process read: current localvec size is 1.
The size of localvec is 1.[location: 00000000004051F4,  seq_num: 8. value: 1]	
thread localvec size: 1 
Process read: read locally. 
localvec has no variable. randomly select from rf_set. 
rf_set size is: 2. 

 current action type is  atomic write  . on thread 2, sequence number is : 13 , mo_type is : relaxed. 

 Process write action. Updates local vec in thread 2 - The size of localvec is 1.[location: 00000000004051F4,  seq_num: 8. value: 1]	
calling the get_next_thread. 

 current action type is  atomic read   . on thread 2, sequence number is : 14 , mo_type is : relaxed. 
Current instr. nums: 3. 
Change Priority Points:  [0]: 16  
 no external read job. - read local 
search on 4 threads. current is the 0th thread.
search on 4 threads. current is the 1th thread.
meet the hb curr, add 1 reads. 
search on 4 threads. current is the 2th thread.
search on 4 threads. current is the 3th thread.
build_may_read_from, current history is: 4, rf_set size is : 2 
current read action location: 4215288, threadid : 2 
In process read: current localvec size is 1.
The size of localvec is 1.[location: 00000000004051F4,  seq_num: 8. value: 1]	
thread localvec size: 1 
Process read: read locally. 
localvec has no variable. randomly select from rf_set. 
rf_set size is: 2. 

 current action type is  thread finish . on thread 2, sequence number is : 15 , mo_type is : seq_cst. 
calling the get_next_thread. 

 current action type is  pthread join  . on thread 1, sequence number is : 16 , mo_type is : seq_cst. 
calling the get_next_thread. 

 current action type is  atomic read   . on thread 3, sequence number is : 17 , mo_type is : relaxed. 
Current instr. nums: 4. 
Change Priority Points:  [0]: 16  
 no external read job. - read local 
search on 4 threads. current is the 0th thread.
search on 4 threads. current is the 1th thread.
meet the hb curr, add 1 reads. 
search on 4 threads. current is the 2th thread.
search on 4 threads. current is the 3th thread.
build_may_read_from, current history is: 4, rf_set size is : 4 
current read action location: 4215284, threadid : 3 
In process read: current localvec size is 1.
The size of localvec is 1.[location: 00000000004051F8,  seq_num: 9. value: 1]	
thread localvec size: 1 
Process read: read locally. 
localvec has no variable. randomly select from rf_set. 
rf_set size is: 4. 

 current action type is  atomic write  . on thread 3, sequence number is : 18 , mo_type is : relaxed. 

 Process write action. Updates local vec in thread 3 - The size of localvec is 1.[location: 00000000004051F8,  seq_num: 9. value: 1]	
calling the get_next_thread. 

 current action type is  atomic read   . on thread 3, sequence number is : 19 , mo_type is : relaxed. 
Current instr. nums: 5. 
Change Priority Points:  [0]: 16  
 no external read job. - read local 
search on 4 threads. current is the 0th thread.
search on 4 threads. current is the 1th thread.
meet the hb curr, add 1 reads. 
search on 4 threads. current is the 2th thread.
search on 4 threads. current is the 3th thread.
build_may_read_from, current history is: 4, rf_set size is : 4 
current read action location: 4215284, threadid : 3 
In process read: current localvec size is 1.
The size of localvec is 1.[location: 00000000004051F8,  seq_num: 9. value: 1]	
thread localvec size: 1 
Process read: read locally. 
localvec has no variable. randomly select from rf_set. 
rf_set size is: 4. 
current read action location: 4215284, threadid : 3 
In process read: current localvec size is 1.
The size of localvec is 1.[location: 00000000004051F8,  seq_num: 9. value: 1]	
thread localvec size: 1 
Process read: read locally. 
localvec has no variable. randomly select from rf_set. 
rf_set size is: 3. 

 current action type is  atomic write  . on thread 3, sequence number is : 20 , mo_type is : relaxed. 

 Process write action. Updates local vec in thread 3 - The size of localvec is 1.[location: 00000000004051F8,  seq_num: 9. value: 1]	
calling the get_next_thread. 

 current action type is  atomic read   . on thread 3, sequence number is : 21 , mo_type is : relaxed. 
Current instr. nums: 6. 
Change Priority Points:  [0]: 16  
 no external read job. - read local 
search on 4 threads. current is the 0th thread.
search on 4 threads. current is the 1th thread.
meet the hb curr, add 1 reads. 
search on 4 threads. current is the 2th thread.
search on 4 threads. current is the 3th thread.
build_may_read_from, current history is: 4, rf_set size is : 4 
current read action location: 4215284, threadid : 3 
In process read: current localvec size is 1.
The size of localvec is 1.[location: 00000000004051F8,  seq_num: 9. value: 1]	
thread localvec size: 1 
Process read: read locally. 
localvec has no variable. randomly select from rf_set. 
rf_set size is: 4. 

 current action type is  thread finish . on thread 3, sequence number is : 22 , mo_type is : seq_cst. 
calling the get_next_thread. 

 current action type is  pthread join  . on thread 1, sequence number is : 23 , mo_type is : seq_cst. 

 current action type is  thread finish . on thread 1, sequence number is : 24 , mo_type is : seq_cst. 
******* Model-checking complete: *******
Number of complete, bug-free executions: 1
Number of buggy executions: 0
Total executions: 1


--- Run #8 ---
C11Tester
Copyright (c) 2013 and 2019 Regents of the University of California. All rights reserved.
Distributed under the GPLv2
Written by Weiyu Luo, Brian Norris, and Brian Demsky

Print current params: 
-v[NUM], --verbose[=NUM]   Default: 0 Now: 0
-x, --maxexec=NUM           Maximum number of executions. Default: 10 Now: 1
-m, --minsize=NUM           Minimum number of actions to keep Default: 0 Now: 0
-f, --freqfree=NUM          Frequency to free actions Default:500000 Now: 500000
-l, --maxscheduler=NUM		 Scheduler length limitation Default:50 Now: 20
-b, --bugdepth=NUM			 bugdepth Default:5 Now: 1
-p, --version=NUM			 c11testerversion Default:0 Now: 1
-i, --maxinstr=NUM			 read num bounds: Default:30 Now: 30
-y, --history=NUM			 rf_set searcg bounds: Default:20 Now: 4
The limit of read nums is 150. 
using pct version now. 
Change Priority Points:  [0]: 16  

 current action type is  thread start  . on thread 1, sequence number is : 1 , mo_type is : seq_cst. 

 current action type is  atomic write  . on thread 1, sequence number is : 2 , mo_type is : relaxed. 

 Process write action. Updates local vec in thread 1 - The size of localvec is 1.[location: 00000000004051F4,  seq_num: 2. value: 0]	

 current action type is  atomic write  . on thread 1, sequence number is : 3 , mo_type is : relaxed. 

 Process write action. Updates local vec in thread 1 - The size of localvec is 2.[location: 00000000004051F4,  seq_num: 2. value: 0]	[location: 00000000004051F8,  seq_num: 3. value: 0]	

 current action type is  pthread create. on thread 1, sequence number is : 4 , mo_type is : seq_cst. 

 current action type is  thread start  . on thread 2, sequence number is : 5 , mo_type is : seq_cst. 

 current action type is  pthread create. on thread 1, sequence number is : 6 , mo_type is : seq_cst. 

 current action type is  thread start  . on thread 3, sequence number is : 7 , mo_type is : seq_cst. 

 current action type is  atomic write  . on thread 2, sequence number is : 8 , mo_type is : relaxed. 

 Process write action. Updates local vec in thread 2 - The size of localvec is 1.[location: 00000000004051F4,  seq_num: 8. value: 1]	

 current action type is  atomic write  . on thread 3, sequence number is : 9 , mo_type is : relaxed. 

 Process write action. Updates local vec in thread 3 - The size of localvec is 1.[location: 00000000004051F8,  seq_num: 9. value: 1]	
calling the get_next_thread. 

 current action type is  atomic read   . on thread 3, sequence number is : 10 , mo_type is : relaxed. 
Current instr. nums: 1. 
Change Priority Points:  [0]: 16  
 no external read job. - read local 
search on 4 threads. current is the 0th thread.
search on 4 threads. current is the 1th thread.
meet the hb curr, add 1 reads. 
search on 4 threads. current is the 2th thread.
search on 4 threads. current is the 3th thread.
build_may_read_from, current history is: 4, rf_set size is : 2 
current read action location: 4215284, threadid : 3 
In process read: current localvec size is 1.
The size of localvec is 1.[location: 00000000004051F8,  seq_num: 9. value: 1]	
thread localvec size: 1 
Process read: read locally. 
localvec has no variable. randomly select from rf_set. 
rf_set size is: 2. 

 current action type is  atomic write  . on thread 3, sequence number is : 11 , mo_type is : relaxed. 

 Process write action. Updates local vec in thread 3 - The size of localvec is 1.[location: 00000000004051F8,  seq_num: 9. value: 1]	
calling the get_next_thread. 

 current action type is  atomic read   . on thread 3, sequence number is : 12 , mo_type is : relaxed. 
Current instr. nums: 2. 
Change Priority Points:  [0]: 16  
 no external read job. - read local 
search on 4 threads. current is the 0th thread.
search on 4 threads. current is the 1th thread.
meet the hb curr, add 1 reads. 
search on 4 threads. current is the 2th thread.
search on 4 threads. current is the 3th thread.
build_may_read_from, current history is: 4, rf_set size is : 2 
current read action location: 4215284, threadid : 3 
In process read: current localvec size is 1.
The size of localvec is 1.[location: 00000000004051F8,  seq_num: 9. value: 1]	
thread localvec size: 1 
Process read: read locally. 
localvec has no variable. randomly select from rf_set. 
rf_set size is: 2. 
current read action location: 4215284, threadid : 3 
In process read: current localvec size is 1.
The size of localvec is 1.[location: 00000000004051F8,  seq_num: 9. value: 1]	
thread localvec size: 1 
Process read: read locally. 
localvec has no variable. randomly select from rf_set. 
rf_set size is: 1. 

 current action type is  atomic write  . on thread 3, sequence number is : 13 , mo_type is : relaxed. 

 Process write action. Updates local vec in thread 3 - The size of localvec is 1.[location: 00000000004051F8,  seq_num: 9. value: 1]	
calling the get_next_thread. 

 current action type is  atomic read   . on thread 3, sequence number is : 14 , mo_type is : relaxed. 
Current instr. nums: 3. 
Change Priority Points:  [0]: 16  
 no external read job. - read local 
search on 4 threads. current is the 0th thread.
search on 4 threads. current is the 1th thread.
meet the hb curr, add 1 reads. 
search on 4 threads. current is the 2th thread.
search on 4 threads. current is the 3th thread.
build_may_read_from, current history is: 4, rf_set size is : 2 
current read action location: 4215284, threadid : 3 
In process read: current localvec size is 1.
The size of localvec is 1.[location: 00000000004051F8,  seq_num: 9. value: 1]	
thread localvec size: 1 
Process read: read locally. 
localvec has no variable. randomly select from rf_set. 
rf_set size is: 2. 

 current action type is  thread finish . on thread 3, sequence number is : 15 , mo_type is : seq_cst. 
calling the get_next_thread. 

 current action type is  atomic read   . on thread 2, sequence number is : 16 , mo_type is : relaxed. 
Current instr. nums: 4. 
Change Priority Points:  [0]: 16  
 no external read job. - read local 
search on 4 threads. current is the 0th thread.
search on 4 threads. current is the 1th thread.
meet the hb curr, add 1 reads. 
search on 4 threads. current is the 2th thread.
search on 4 threads. current is the 3th thread.
build_may_read_from, current history is: 4, rf_set size is : 4 
current read action location: 4215288, threadid : 2 
In process read: current localvec size is 1.
The size of localvec is 1.[location: 00000000004051F4,  seq_num: 8. value: 1]	
thread localvec size: 1 
Process read: read locally. 
localvec has no variable. randomly select from rf_set. 
rf_set size is: 4. 

 current action type is  atomic write  . on thread 2, sequence number is : 17 , mo_type is : relaxed. 

 Process write action. Updates local vec in thread 2 - The size of localvec is 1.[location: 00000000004051F4,  seq_num: 8. value: 1]	
calling the get_next_thread. 

 current action type is  atomic read   . on thread 2, sequence number is : 18 , mo_type is : relaxed. 
Current instr. nums: 5. 
Change Priority Points:  [0]: 16  
 no external read job. - read local 
search on 4 threads. current is the 0th thread.
search on 4 threads. current is the 1th thread.
meet the hb curr, add 1 reads. 
search on 4 threads. current is the 2th thread.
search on 4 threads. current is the 3th thread.
build_may_read_from, current history is: 4, rf_set size is : 4 
current read action location: 4215288, threadid : 2 
In process read: current localvec size is 1.
The size of localvec is 1.[location: 00000000004051F4,  seq_num: 8. value: 1]	
thread localvec size: 1 
Process read: read locally. 
localvec has no variable. randomly select from rf_set. 
rf_set size is: 4. 

 current action type is  atomic write  . on thread 2, sequence number is : 19 , mo_type is : relaxed. 

 Process write action. Updates local vec in thread 2 - The size of localvec is 1.[location: 00000000004051F4,  seq_num: 8. value: 1]	
calling the get_next_thread. 

 current action type is  atomic read   . on thread 2, sequence number is : 20 , mo_type is : relaxed. 
Current instr. nums: 6. 
Change Priority Points:  [0]: 16  
 no external read job. - read local 
search on 4 threads. current is the 0th thread.
search on 4 threads. current is the 1th thread.
meet the hb curr, add 1 reads. 
search on 4 threads. current is the 2th thread.
search on 4 threads. current is the 3th thread.
build_may_read_from, current history is: 4, rf_set size is : 4 
current read action location: 4215288, threadid : 2 
In process read: current localvec size is 1.
The size of localvec is 1.[location: 00000000004051F4,  seq_num: 8. value: 1]	
thread localvec size: 1 
Process read: read locally. 
localvec has no variable. randomly select from rf_set. 
rf_set size is: 4. 

 current action type is  thread finish . on thread 2, sequence number is : 21 , mo_type is : seq_cst. 
calling the get_next_thread. 

 current action type is  pthread join  . on thread 1, sequence number is : 22 , mo_type is : seq_cst. 
calling the get_next_thread. 

 current action type is  pthread join  . on thread 1, sequence number is : 23 , mo_type is : seq_cst. 

 current action type is  thread finish . on thread 1, sequence number is : 24 , mo_type is : seq_cst. 
******* Model-checking complete: *******
Number of complete, bug-free executions: 1
Number of buggy executions: 0
Total executions: 1


--- Run #9 ---
C11Tester
Copyright (c) 2013 and 2019 Regents of the University of California. All rights reserved.
Distributed under the GPLv2
Written by Weiyu Luo, Brian Norris, and Brian Demsky

Print current params: 
-v[NUM], --verbose[=NUM]   Default: 0 Now: 0
-x, --maxexec=NUM           Maximum number of executions. Default: 10 Now: 1
-m, --minsize=NUM           Minimum number of actions to keep Default: 0 Now: 0
-f, --freqfree=NUM          Frequency to free actions Default:500000 Now: 500000
-l, --maxscheduler=NUM		 Scheduler length limitation Default:50 Now: 20
-b, --bugdepth=NUM			 bugdepth Default:5 Now: 1
-p, --version=NUM			 c11testerversion Default:0 Now: 1
-i, --maxinstr=NUM			 read num bounds: Default:30 Now: 30
-y, --history=NUM			 rf_set searcg bounds: Default:20 Now: 4
The limit of read nums is 150. 
using pct version now. 
Change Priority Points:  [0]: 16  

 current action type is  thread start  . on thread 1, sequence number is : 1 , mo_type is : seq_cst. 

 current action type is  atomic write  . on thread 1, sequence number is : 2 , mo_type is : relaxed. 

 Process write action. Updates local vec in thread 1 - The size of localvec is 1.[location: 00000000004051F4,  seq_num: 2. value: 0]	

 current action type is  atomic write  . on thread 1, sequence number is : 3 , mo_type is : relaxed. 

 Process write action. Updates local vec in thread 1 - The size of localvec is 2.[location: 00000000004051F4,  seq_num: 2. value: 0]	[location: 00000000004051F8,  seq_num: 3. value: 0]	

 current action type is  pthread create. on thread 1, sequence number is : 4 , mo_type is : seq_cst. 

 current action type is  thread start  . on thread 2, sequence number is : 5 , mo_type is : seq_cst. 

 current action type is  pthread create. on thread 1, sequence number is : 6 , mo_type is : seq_cst. 

 current action type is  thread start  . on thread 3, sequence number is : 7 , mo_type is : seq_cst. 

 current action type is  atomic write  . on thread 2, sequence number is : 8 , mo_type is : relaxed. 

 Process write action. Updates local vec in thread 2 - The size of localvec is 1.[location: 00000000004051F4,  seq_num: 8. value: 1]	

 current action type is  atomic write  . on thread 3, sequence number is : 9 , mo_type is : relaxed. 

 Process write action. Updates local vec in thread 3 - The size of localvec is 1.[location: 00000000004051F8,  seq_num: 9. value: 1]	
calling the get_next_thread. 

 current action type is  atomic read   . on thread 2, sequence number is : 10 , mo_type is : relaxed. 
Current instr. nums: 1. 
Change Priority Points:  [0]: 16  
 no external read job. - read local 
search on 4 threads. current is the 0th thread.
search on 4 threads. current is the 1th thread.
meet the hb curr, add 1 reads. 
search on 4 threads. current is the 2th thread.
search on 4 threads. current is the 3th thread.
build_may_read_from, current history is: 4, rf_set size is : 2 
current read action location: 4215288, threadid : 2 
In process read: current localvec size is 1.
The size of localvec is 1.[location: 00000000004051F4,  seq_num: 8. value: 1]	
thread localvec size: 1 
Process read: read locally. 
localvec has no variable. randomly select from rf_set. 
rf_set size is: 2. 

 current action type is  atomic write  . on thread 2, sequence number is : 11 , mo_type is : relaxed. 

 Process write action. Updates local vec in thread 2 - The size of localvec is 1.[location: 00000000004051F4,  seq_num: 8. value: 1]	
calling the get_next_thread. 

 current action type is  atomic read   . on thread 2, sequence number is : 12 , mo_type is : relaxed. 
Current instr. nums: 2. 
Change Priority Points:  [0]: 16  
 no external read job. - read local 
search on 4 threads. current is the 0th thread.
search on 4 threads. current is the 1th thread.
meet the hb curr, add 1 reads. 
search on 4 threads. current is the 2th thread.
search on 4 threads. current is the 3th thread.
build_may_read_from, current history is: 4, rf_set size is : 2 
current read action location: 4215288, threadid : 2 
In process read: current localvec size is 1.
The size of localvec is 1.[location: 00000000004051F4,  seq_num: 8. value: 1]	
thread localvec size: 1 
Process read: read locally. 
localvec has no variable. randomly select from rf_set. 
rf_set size is: 2. 
current read action location: 4215288, threadid : 2 
In process read: current localvec size is 1.
The size of localvec is 1.[location: 00000000004051F4,  seq_num: 8. value: 1]	
thread localvec size: 1 
Process read: read locally. 
localvec has no variable. randomly select from rf_set. 
rf_set size is: 1. 

 current action type is  atomic write  . on thread 2, sequence number is : 13 , mo_type is : relaxed. 

 Process write action. Updates local vec in thread 2 - The size of localvec is 1.[location: 00000000004051F4,  seq_num: 8. value: 1]	
calling the get_next_thread. 

 current action type is  atomic read   . on thread 2, sequence number is : 14 , mo_type is : relaxed. 
Current instr. nums: 3. 
Change Priority Points:  [0]: 16  
 no external read job. - read local 
search on 4 threads. current is the 0th thread.
search on 4 threads. current is the 1th thread.
meet the hb curr, add 1 reads. 
search on 4 threads. current is the 2th thread.
search on 4 threads. current is the 3th thread.
build_may_read_from, current history is: 4, rf_set size is : 2 
current read action location: 4215288, threadid : 2 
In process read: current localvec size is 1.
The size of localvec is 1.[location: 00000000004051F4,  seq_num: 8. value: 1]	
thread localvec size: 1 
Process read: read locally. 
localvec has no variable. randomly select from rf_set. 
rf_set size is: 2. 
current read action location: 4215288, threadid : 2 
In process read: current localvec size is 1.
The size of localvec is 1.[location: 00000000004051F4,  seq_num: 8. value: 1]	
thread localvec size: 1 
Process read: read locally. 
localvec has no variable. randomly select from rf_set. 
rf_set size is: 1. 

 current action type is  thread finish . on thread 2, sequence number is : 15 , mo_type is : seq_cst. 
calling the get_next_thread. 

 current action type is  pthread join  . on thread 1, sequence number is : 16 , mo_type is : seq_cst. 
calling the get_next_thread. 

 current action type is  atomic read   . on thread 3, sequence number is : 17 , mo_type is : relaxed. 
Current instr. nums: 4. 
Change Priority Points:  [0]: 16  
 no external read job. - read local 
search on 4 threads. current is the 0th thread.
search on 4 threads. current is the 1th thread.
meet the hb curr, add 1 reads. 
search on 4 threads. current is the 2th thread.
search on 4 threads. current is the 3th thread.
build_may_read_from, current history is: 4, rf_set size is : 4 
current read action location: 4215284, threadid : 3 
In process read: current localvec size is 1.
The size of localvec is 1.[location: 00000000004051F8,  seq_num: 9. value: 1]	
thread localvec size: 1 
Process read: read locally. 
localvec has no variable. randomly select from rf_set. 
rf_set size is: 4. 

 current action type is  atomic write  . on thread 3, sequence number is : 18 , mo_type is : relaxed. 

 Process write action. Updates local vec in thread 3 - The size of localvec is 1.[location: 00000000004051F8,  seq_num: 9. value: 1]	
calling the get_next_thread. 

 current action type is  atomic read   . on thread 3, sequence number is : 19 , mo_type is : relaxed. 
Current instr. nums: 5. 
Change Priority Points:  [0]: 16  
 no external read job. - read local 
search on 4 threads. current is the 0th thread.
search on 4 threads. current is the 1th thread.
meet the hb curr, add 1 reads. 
search on 4 threads. current is the 2th thread.
search on 4 threads. current is the 3th thread.
build_may_read_from, current history is: 4, rf_set size is : 4 
current read action location: 4215284, threadid : 3 
In process read: current localvec size is 1.
The size of localvec is 1.[location: 00000000004051F8,  seq_num: 9. value: 1]	
thread localvec size: 1 
Process read: read locally. 
localvec has no variable. randomly select from rf_set. 
rf_set size is: 4. 

 current action type is  atomic write  . on thread 3, sequence number is : 20 , mo_type is : relaxed. 

 Process write action. Updates local vec in thread 3 - The size of localvec is 1.[location: 00000000004051F8,  seq_num: 9. value: 1]	
calling the get_next_thread. 

 current action type is  atomic read   . on thread 3, sequence number is : 21 , mo_type is : relaxed. 
Current instr. nums: 6. 
Change Priority Points:  [0]: 16  
 no external read job. - read local 
search on 4 threads. current is the 0th thread.
search on 4 threads. current is the 1th thread.
meet the hb curr, add 1 reads. 
search on 4 threads. current is the 2th thread.
search on 4 threads. current is the 3th thread.
build_may_read_from, current history is: 4, rf_set size is : 4 
current read action location: 4215284, threadid : 3 
In process read: current localvec size is 1.
The size of localvec is 1.[location: 00000000004051F8,  seq_num: 9. value: 1]	
thread localvec size: 1 
Process read: read locally. 
localvec has no variable. randomly select from rf_set. 
rf_set size is: 4. 

 current action type is  thread finish . on thread 3, sequence number is : 22 , mo_type is : seq_cst. 
calling the get_next_thread. 

 current action type is  pthread join  . on thread 1, sequence number is : 23 , mo_type is : seq_cst. 

 current action type is  thread finish . on thread 1, sequence number is : 24 , mo_type is : seq_cst. 
******* Model-checking complete: *******
Number of complete, bug-free executions: 1
Number of buggy executions: 0
Total executions: 1


--- Run #10 ---
C11Tester
Copyright (c) 2013 and 2019 Regents of the University of California. All rights reserved.
Distributed under the GPLv2
Written by Weiyu Luo, Brian Norris, and Brian Demsky

Print current params: 
-v[NUM], --verbose[=NUM]   Default: 0 Now: 0
-x, --maxexec=NUM           Maximum number of executions. Default: 10 Now: 1
-m, --minsize=NUM           Minimum number of actions to keep Default: 0 Now: 0
-f, --freqfree=NUM          Frequency to free actions Default:500000 Now: 500000
-l, --maxscheduler=NUM		 Scheduler length limitation Default:50 Now: 20
-b, --bugdepth=NUM			 bugdepth Default:5 Now: 1
-p, --version=NUM			 c11testerversion Default:0 Now: 1
-i, --maxinstr=NUM			 read num bounds: Default:30 Now: 30
-y, --history=NUM			 rf_set searcg bounds: Default:20 Now: 4
The limit of read nums is 150. 
using pct version now. 
Change Priority Points:  [0]: 16  

 current action type is  thread start  . on thread 1, sequence number is : 1 , mo_type is : seq_cst. 

 current action type is  atomic write  . on thread 1, sequence number is : 2 , mo_type is : relaxed. 

 Process write action. Updates local vec in thread 1 - The size of localvec is 1.[location: 00000000004051F4,  seq_num: 2. value: 0]	

 current action type is  atomic write  . on thread 1, sequence number is : 3 , mo_type is : relaxed. 

 Process write action. Updates local vec in thread 1 - The size of localvec is 2.[location: 00000000004051F4,  seq_num: 2. value: 0]	[location: 00000000004051F8,  seq_num: 3. value: 0]	

 current action type is  pthread create. on thread 1, sequence number is : 4 , mo_type is : seq_cst. 

 current action type is  thread start  . on thread 2, sequence number is : 5 , mo_type is : seq_cst. 

 current action type is  pthread create. on thread 1, sequence number is : 6 , mo_type is : seq_cst. 

 current action type is  thread start  . on thread 3, sequence number is : 7 , mo_type is : seq_cst. 

 current action type is  atomic write  . on thread 2, sequence number is : 8 , mo_type is : relaxed. 

 Process write action. Updates local vec in thread 2 - The size of localvec is 1.[location: 00000000004051F4,  seq_num: 8. value: 1]	

 current action type is  atomic write  . on thread 3, sequence number is : 9 , mo_type is : relaxed. 

 Process write action. Updates local vec in thread 3 - The size of localvec is 1.[location: 00000000004051F8,  seq_num: 9. value: 1]	
calling the get_next_thread. 

 current action type is  atomic read   . on thread 2, sequence number is : 10 , mo_type is : relaxed. 
Current instr. nums: 1. 
Change Priority Points:  [0]: 16  
 no external read job. - read local 
search on 4 threads. current is the 0th thread.
search on 4 threads. current is the 1th thread.
meet the hb curr, add 1 reads. 
search on 4 threads. current is the 2th thread.
search on 4 threads. current is the 3th thread.
build_may_read_from, current history is: 4, rf_set size is : 2 
current read action location: 4215288, threadid : 2 
In process read: current localvec size is 1.
The size of localvec is 1.[location: 00000000004051F4,  seq_num: 8. value: 1]	
thread localvec size: 1 
Process read: read locally. 
localvec has no variable. randomly select from rf_set. 
rf_set size is: 2. 

 current action type is  atomic write  . on thread 2, sequence number is : 11 , mo_type is : relaxed. 

 Process write action. Updates local vec in thread 2 - The size of localvec is 1.[location: 00000000004051F4,  seq_num: 8. value: 1]	
calling the get_next_thread. 

 current action type is  atomic read   . on thread 2, sequence number is : 12 , mo_type is : relaxed. 
Current instr. nums: 2. 
Change Priority Points:  [0]: 16  
 no external read job. - read local 
search on 4 threads. current is the 0th thread.
search on 4 threads. current is the 1th thread.
meet the hb curr, add 1 reads. 
search on 4 threads. current is the 2th thread.
search on 4 threads. current is the 3th thread.
build_may_read_from, current history is: 4, rf_set size is : 2 
current read action location: 4215288, threadid : 2 
In process read: current localvec size is 1.
The size of localvec is 1.[location: 00000000004051F4,  seq_num: 8. value: 1]	
thread localvec size: 1 
Process read: read locally. 
localvec has no variable. randomly select from rf_set. 
rf_set size is: 2. 

 current action type is  atomic write  . on thread 2, sequence number is : 13 , mo_type is : relaxed. 

 Process write action. Updates local vec in thread 2 - The size of localvec is 1.[location: 00000000004051F4,  seq_num: 8. value: 1]	
calling the get_next_thread. 

 current action type is  atomic read   . on thread 2, sequence number is : 14 , mo_type is : relaxed. 
Current instr. nums: 3. 
Change Priority Points:  [0]: 16  
 no external read job. - read local 
search on 4 threads. current is the 0th thread.
search on 4 threads. current is the 1th thread.
meet the hb curr, add 1 reads. 
search on 4 threads. current is the 2th thread.
search on 4 threads. current is the 3th thread.
build_may_read_from, current history is: 4, rf_set size is : 2 
current read action location: 4215288, threadid : 2 
In process read: current localvec size is 1.
The size of localvec is 1.[location: 00000000004051F4,  seq_num: 8. value: 1]	
thread localvec size: 1 
Process read: read locally. 
localvec has no variable. randomly select from rf_set. 
rf_set size is: 2. 

 current action type is  thread finish . on thread 2, sequence number is : 15 , mo_type is : seq_cst. 
calling the get_next_thread. 

 current action type is  pthread join  . on thread 1, sequence number is : 16 , mo_type is : seq_cst. 
calling the get_next_thread. 

 current action type is  atomic read   . on thread 3, sequence number is : 17 , mo_type is : relaxed. 
Current instr. nums: 4. 
Change Priority Points:  [0]: 16  
 no external read job. - read local 
search on 4 threads. current is the 0th thread.
search on 4 threads. current is the 1th thread.
meet the hb curr, add 1 reads. 
search on 4 threads. current is the 2th thread.
search on 4 threads. current is the 3th thread.
build_may_read_from, current history is: 4, rf_set size is : 4 
current read action location: 4215284, threadid : 3 
In process read: current localvec size is 1.
The size of localvec is 1.[location: 00000000004051F8,  seq_num: 9. value: 1]	
thread localvec size: 1 
Process read: read locally. 
localvec has no variable. randomly select from rf_set. 
rf_set size is: 4. 

 current action type is  atomic write  . on thread 3, sequence number is : 18 , mo_type is : relaxed. 

 Process write action. Updates local vec in thread 3 - The size of localvec is 1.[location: 00000000004051F8,  seq_num: 9. value: 1]	
calling the get_next_thread. 

 current action type is  atomic read   . on thread 3, sequence number is : 19 , mo_type is : relaxed. 
Current instr. nums: 5. 
Change Priority Points:  [0]: 16  
 no external read job. - read local 
search on 4 threads. current is the 0th thread.
search on 4 threads. current is the 1th thread.
meet the hb curr, add 1 reads. 
search on 4 threads. current is the 2th thread.
search on 4 threads. current is the 3th thread.
build_may_read_from, current history is: 4, rf_set size is : 4 
current read action location: 4215284, threadid : 3 
In process read: current localvec size is 1.
The size of localvec is 1.[location: 00000000004051F8,  seq_num: 9. value: 1]	
thread localvec size: 1 
Process read: read locally. 
localvec has no variable. randomly select from rf_set. 
rf_set size is: 4. 

 current action type is  atomic write  . on thread 3, sequence number is : 20 , mo_type is : relaxed. 

 Process write action. Updates local vec in thread 3 - The size of localvec is 1.[location: 00000000004051F8,  seq_num: 9. value: 1]	
calling the get_next_thread. 

 current action type is  atomic read   . on thread 3, sequence number is : 21 , mo_type is : relaxed. 
Current instr. nums: 6. 
Change Priority Points:  [0]: 16  
 no external read job. - read local 
search on 4 threads. current is the 0th thread.
search on 4 threads. current is the 1th thread.
meet the hb curr, add 1 reads. 
search on 4 threads. current is the 2th thread.
search on 4 threads. current is the 3th thread.
build_may_read_from, current history is: 4, rf_set size is : 4 
current read action location: 4215284, threadid : 3 
In process read: current localvec size is 1.
The size of localvec is 1.[location: 00000000004051F8,  seq_num: 9. value: 1]	
thread localvec size: 1 
Process read: read locally. 
localvec has no variable. randomly select from rf_set. 
rf_set size is: 4. 

 current action type is  thread finish . on thread 3, sequence number is : 22 , mo_type is : seq_cst. 
calling the get_next_thread. 

 current action type is  pthread join  . on thread 1, sequence number is : 23 , mo_type is : seq_cst. 

 current action type is  thread finish . on thread 1, sequence number is : 24 , mo_type is : seq_cst. 
******* Model-checking complete: *******
Number of complete, bug-free executions: 1
Number of buggy executions: 0
Total executions: 1


